// Jest Snapshot v1, https://goo.gl/fbAQLP

exports[`Welcome should match the snapshot 1`] = `
ShallowWrapper {
  Symbol(enzyme.__root__): [Circular],
  Symbol(enzyme.__unrendered__): <Welcome />,
  Symbol(enzyme.__renderer__): Object {
    "batchedUpdates": [Function],
    "getNode": [Function],
    "render": [Function],
    "simulateError": [Function],
    "simulateEvent": [Function],
    "unmount": [Function],
  },
  Symbol(enzyme.__node__): Object {
    "instance": null,
    "key": undefined,
    "nodeType": "host",
    "props": Object {
      "children": Array [
        <h1
          className="welcome-title"
        >
          WELCOME TO 
          <span>
            BREAD & ROSES
          </span>
        </h1>,
        <p
          className="welcome-body"
        >
          Your one-stop-shop for government accountability for Laborers and the American Working Class.
        </p>,
        <p
          className="welcome-body"
        >
          Navigate above to see who is in your Senate and House Labor Committees and what they are doing for you.
        </p>,
      ],
      "className": "welcome-container",
    },
    "ref": null,
    "rendered": Array [
      Object {
        "instance": null,
        "key": undefined,
        "nodeType": "host",
        "props": Object {
          "children": Array [
            "WELCOME TO ",
            <span>
              BREAD & ROSES
            </span>,
          ],
          "className": "welcome-title",
        },
        "ref": null,
        "rendered": Array [
          "WELCOME TO ",
          Object {
            "instance": null,
            "key": undefined,
            "nodeType": "host",
            "props": Object {
              "children": "BREAD & ROSES",
            },
            "ref": null,
            "rendered": "BREAD & ROSES",
            "type": "span",
          },
        ],
        "type": "h1",
      },
      Object {
        "instance": null,
        "key": undefined,
        "nodeType": "host",
        "props": Object {
          "children": "Your one-stop-shop for government accountability for Laborers and the American Working Class.",
          "className": "welcome-body",
        },
        "ref": null,
        "rendered": "Your one-stop-shop for government accountability for Laborers and the American Working Class.",
        "type": "p",
      },
      Object {
        "instance": null,
        "key": undefined,
        "nodeType": "host",
        "props": Object {
          "children": "Navigate above to see who is in your Senate and House Labor Committees and what they are doing for you.",
          "className": "welcome-body",
        },
        "ref": null,
        "rendered": "Navigate above to see who is in your Senate and House Labor Committees and what they are doing for you.",
        "type": "p",
      },
    ],
    "type": "div",
  },
  Symbol(enzyme.__nodes__): Array [
    Object {
      "instance": null,
      "key": undefined,
      "nodeType": "host",
      "props": Object {
        "children": Array [
          <h1
            className="welcome-title"
          >
            WELCOME TO 
            <span>
              BREAD & ROSES
            </span>
          </h1>,
          <p
            className="welcome-body"
          >
            Your one-stop-shop for government accountability for Laborers and the American Working Class.
          </p>,
          <p
            className="welcome-body"
          >
            Navigate above to see who is in your Senate and House Labor Committees and what they are doing for you.
          </p>,
        ],
        "className": "welcome-container",
      },
      "ref": null,
      "rendered": Array [
        Object {
          "instance": null,
          "key": undefined,
          "nodeType": "host",
          "props": Object {
            "children": Array [
              "WELCOME TO ",
              <span>
                BREAD & ROSES
              </span>,
            ],
            "className": "welcome-title",
          },
          "ref": null,
          "rendered": Array [
            "WELCOME TO ",
            Object {
              "instance": null,
              "key": undefined,
              "nodeType": "host",
              "props": Object {
                "children": "BREAD & ROSES",
              },
              "ref": null,
              "rendered": "BREAD & ROSES",
              "type": "span",
            },
          ],
          "type": "h1",
        },
        Object {
          "instance": null,
          "key": undefined,
          "nodeType": "host",
          "props": Object {
            "children": "Your one-stop-shop for government accountability for Laborers and the American Working Class.",
            "className": "welcome-body",
          },
          "ref": null,
          "rendered": "Your one-stop-shop for government accountability for Laborers and the American Working Class.",
          "type": "p",
        },
        Object {
          "instance": null,
          "key": undefined,
          "nodeType": "host",
          "props": Object {
            "children": "Navigate above to see who is in your Senate and House Labor Committees and what they are doing for you.",
            "className": "welcome-body",
          },
          "ref": null,
          "rendered": "Navigate above to see who is in your Senate and House Labor Committees and what they are doing for you.",
          "type": "p",
        },
      ],
      "type": "div",
    },
  ],
  Symbol(enzyme.__options__): Object {
    "adapter": ReactSixteenAdapter {
      "options": Object {
        "enableComponentDidUpdateOnSetState": true,
        "lifecycles": Object {
          "componentDidUpdate": Object {
            "onSetState": true,
          },
          "getDerivedStateFromProps": true,
          "getSnapshotBeforeUpdate": true,
          "setState": Object {
            "skipsComponentDidUpdateOnNullish": true,
          },
        },
      },
    },
  },
}
`;
